// Jest Snapshot v1, https://goo.gl/fbAQLP

exports[`transactionCache create drops transaction if invalid format 1`] = `Object {}`;

exports[`transactionCache create drops transaction if invalid format 2`] = `Object {}`;

exports[`transactionCache create drops transaction if invalid format 3`] = `Object {}`;

exports[`transactionCache create drops transaction if invalid format 4`] = `Object {}`;

exports[`transactionCache create loads from storage 1`] = `
Object {
  "0a8962dde362eef1f840defe6f916fdf9701ad53c7cb5dd4a74ab85df8e9bffc": Object {
    "blockHash": "fb418acaa29c66e799a16b594f7beedfe2ef53413e9863b61a418f2df1ff1442",
    "blockNum": 2909238,
    "certificates": Array [
      Object {
        "kind": "StakeDeregistration",
        "rewardAddress": "e0acab7e493ece4c1e6ae627ef9f5f7c9b1063e599e4aa91f87f0d58ae",
      },
    ],
    "collateralInputs": Array [],
    "epoch": 156,
    "fee": "179537",
    "id": "0a8962dde362eef1f840defe6f916fdf9701ad53c7cb5dd4a74ab85df8e9bffc",
    "inputs": Array [
      Object {
        "address": "addr_test1qrrdv3uxj8shu27ea9djvnn3rl4w3lvh3cyck6yc36mvf6ctlqxj9g0azvpycncr9u600p6t556qhc3psk06uzzw6saq4kvdpq",
        "amount": "967141533",
        "assets": Array [
          Object {
            "amount": "1",
            "assetId": "57e37bc9a9c0a099a6636c3deb93b82e7edec8a9a40883017bae2674.717171717171",
            "name": "717171717171",
            "policyId": "57e37bc9a9c0a099a6636c3deb93b82e7edec8a9a40883017bae2674",
          },
          Object {
            "amount": "1",
            "assetId": "fc53320cfda5add9cde1e7094c73596eacc26dbe79834b67c14b5dad.656565656565",
            "name": "656565656565",
            "policyId": "fc53320cfda5add9cde1e7094c73596eacc26dbe79834b67c14b5dad",
          },
        ],
      },
      Object {
        "address": "addr_test1qqgxd3r59psq0dg33t7asmvjmtu55tvvcmeq5kmhj0tmqjctlqxj9g0azvpycncr9u600p6t556qhc3psk06uzzw6saqk4x7z6",
        "amount": "2000000",
        "assets": Array [
          Object {
            "amount": "1",
            "assetId": "0b71c073fcf017eeff0664070c790a2bcc47077566904be471c46c13.727272727272",
            "name": "727272727272",
            "policyId": "0b71c073fcf017eeff0664070c790a2bcc47077566904be471c46c13",
          },
        ],
      },
    ],
    "lastUpdatedAt": "2021-09-13T18:42:10.000Z",
    "memo": null,
    "outputs": Array [
      Object {
        "address": "addr_test1qrxlnftwl73taxvcapnhgctae895l582a6r7k7jjeuwvzp0rvvww4m29k4km54utxag3mlhdsr73m62rsae6ad3hj6kqcexkh8",
        "amount": "7305977",
        "assets": Array [],
      },
      Object {
        "address": "addr_test1qrqzse20fh7mmt5k9xf4sug3a2lh5fa7x9nr98avp0ac78stlqxj9g0azvpycncr9u600p6t556qhc3psk06uzzw6saq6xr7ra",
        "amount": "961656019",
        "assets": Array [
          Object {
            "amount": "1",
            "assetId": "0b71c073fcf017eeff0664070c790a2bcc47077566904be471c46c13.727272727272",
            "name": "727272727272",
            "policyId": "0b71c073fcf017eeff0664070c790a2bcc47077566904be471c46c13",
          },
          Object {
            "amount": "1",
            "assetId": "57e37bc9a9c0a099a6636c3deb93b82e7edec8a9a40883017bae2674.717171717171",
            "name": "717171717171",
            "policyId": "57e37bc9a9c0a099a6636c3deb93b82e7edec8a9a40883017bae2674",
          },
          Object {
            "amount": "1",
            "assetId": "fc53320cfda5add9cde1e7094c73596eacc26dbe79834b67c14b5dad.656565656565",
            "name": "656565656565",
            "policyId": "fc53320cfda5add9cde1e7094c73596eacc26dbe79834b67c14b5dad",
          },
        ],
      },
    ],
    "scriptSize": 0,
    "slot": 166914,
    "status": "Successful",
    "submittedAt": "2021-09-13T18:42:10.000Z",
    "txOrdinal": 0,
    "type": "shelley",
    "validContract": true,
    "withdrawals": Array [],
  },
}
`;

exports[`transactionCache create loads from storage 2`] = `
Object {
  "addr_test1qqgxd3r59psq0dg33t7asmvjmtu55tvvcmeq5kmhj0tmqjctlqxj9g0azvpycncr9u600p6t556qhc3psk06uzzw6saqk4x7z6": Array [
    "0a8962dde362eef1f840defe6f916fdf9701ad53c7cb5dd4a74ab85df8e9bffc",
  ],
  "addr_test1qrqzse20fh7mmt5k9xf4sug3a2lh5fa7x9nr98avp0ac78stlqxj9g0azvpycncr9u600p6t556qhc3psk06uzzw6saq6xr7ra": Array [
    "0a8962dde362eef1f840defe6f916fdf9701ad53c7cb5dd4a74ab85df8e9bffc",
  ],
  "addr_test1qrrdv3uxj8shu27ea9djvnn3rl4w3lvh3cyck6yc36mvf6ctlqxj9g0azvpycncr9u600p6t556qhc3psk06uzzw6saq4kvdpq": Array [
    "0a8962dde362eef1f840defe6f916fdf9701ad53c7cb5dd4a74ab85df8e9bffc",
  ],
  "addr_test1qrxlnftwl73taxvcapnhgctae895l582a6r7k7jjeuwvzp0rvvww4m29k4km54utxag3mlhdsr73m62rsae6ad3hj6kqcexkh8": Array [
    "0a8962dde362eef1f840defe6f916fdf9701ad53c7cb5dd4a74ab85df8e9bffc",
  ],
}
`;

exports[`transactionCache create loads from storage 3`] = `
Object {
  "e0acab7e493ece4c1e6ae627ef9f5f7c9b1063e599e4aa91f87f0d58ae": Object {
    "0a8962dde362eef1f840defe6f916fdf9701ad53c7cb5dd4a74ab85df8e9bffc": Object {
      "certificates": Array [
        Object {
          "kind": "StakeDeregistration",
          "rewardAddress": "e0acab7e493ece4c1e6ae627ef9f5f7c9b1063e599e4aa91f87f0d58ae",
        },
      ],
      "epoch": 156,
      "submittedAt": "2021-09-13T18:42:10.000Z",
    },
  },
}
`;

exports[`transactionCache create loads from storage 4`] = `
Object {
  "0a8962dde362eef1f840defe6f916fdf9701ad53c7cb5dd4a74ab85df8e9bffc": -2909238,
}
`;

exports[`transactionCache create loads from storage 5`] = `Object {}`;

exports[`transactionCache create loads from storage 6`] = `Object {}`;

exports[`transactionCache create loads from storage 7`] = `Object {}`;

exports[`transactionCache create loads from storage 8`] = `Object {}`;

exports[`transactionCache create starts fresh if txids is invalid format 1`] = `Object {}`;

exports[`transactionCache create starts fresh if txids is invalid format 2`] = `Object {}`;

exports[`transactionCache create starts fresh if txids is invalid format 3`] = `Object {}`;

exports[`transactionCache create starts fresh if txids is invalid format 4`] = `Object {}`;

exports[`transactionCache create starts fresh if upgrading from old version 1`] = `Object {}`;

exports[`transactionCache create starts fresh if upgrading from old version 2`] = `Object {}`;

exports[`transactionCache create starts fresh if upgrading from old version 3`] = `Object {}`;

exports[`transactionCache create starts fresh if upgrading from old version 4`] = `Object {}`;
