// Jest Snapshot v1, https://goo.gl/fbAQLP

exports[`History API can fetch history 1`] = `
Object {
  "bestBlockNum": Any<Number>,
  "blockNum": 111769,
  "id": "ed9d06931a7a1356bae2a1073b4105e2cf47cccbf769b0be921b01a82e902e51",
  "inputs": Array [
    Object {
      "address": "2cWKMJemoBaiT63LBCH8ZKzmdyu9jVKfVNZWbLJnob9cEjUWmqT95KceCxZS4DXoffYbA",
      "amount": "1249749760",
    },
  ],
  "lastUpdatedAt": Any<String>,
  "outputs": Array [
    Object {
      "address": "2cWKMJemoBakWtKxxsZpnEhs3ZWRf9tG3R9ReJX6UsAGiZP7PBpmutxYPRAakqEgMsK1g",
      "amount": "40000000",
    },
    Object {
      "address": "2cWKMJemoBahQSHLDKv1RXxeHqb58Zatmn1xobMhkXmqEoYYEkrcc2nsg2QpxepPPedNr",
      "amount": "1209581151",
    },
  ],
  "status": "Successful",
  "submittedAt": Any<String>,
}
`;
