// Jest Snapshot v1, https://goo.gl/fbAQLP

exports[`History API can fetch history 1`] = `
Object {
  "bestBlockNum": Any<Number>,
  "blockNum": 1603213,
  "id": "58385cdaaf65bd4cd9946820485aa44646cb254b8c680ecb08ae8b8287fbf847",
  "inputs": Array [
    Object {
      "address": "Ae2tdPwUPEZ8tNBZxm8CtauzEi7Zay91A7nwajx4jotysBRLL6BpwzqwKa9",
      "amount": "5000000",
    },
    Object {
      "address": "Ae2tdPwUPEZGiayQx7JRMV9L21Be37E6Aj63Ka75hQ37vkdNnMosEPaAJXF",
      "amount": "815736577",
    },
  ],
  "lastUpdatedAt": "2018-11-16T05:30:39.096Z",
  "outputs": Array [
    Object {
      "address": "Ae2tdPwUPEZKAx4zt8YLTGxrhX9L6R8QPWNeefZsPgwaigWab4mEw1ECUZ7",
      "amount": "200000000",
    },
    Object {
      "address": "Ae2tdPwUPEZA21yabP5eLgTF6UMLUKbihy2GiwW6eDNxdPevTcRp8e4AyLX",
      "amount": "620560541",
    },
  ],
  "status": "Successful",
  "submittedAt": "2018-10-03T12:18:53.000Z",
}
`;
