// Jest Snapshot v1, https://goo.gl/fbAQLP

exports[`CardanoWallet ShelleyWalletPreprod.create 1`] = `
[
  "addr_test1qp0qj49u70m8xa9v0f6d2frtvv33v5x4gwckvxllv6regw7prmcgc38nvy9hu4k5dcyxhyqcdsfwnf50q5sm03x89e9s0vcpdd",
  "addr_test1qqwqe88fzjjsm67f545mt49y05y2c73nh70ksnqlz63gadkprmcgc38nvy9hu4k5dcyxhyqcdsfwnf50q5sm03x89e9se2pfdw",
  "addr_test1qz8hn3xs999mlm4j222kd8vffpcst6r6k0g39t8gvqnu6ewprmcgc38nvy9hu4k5dcyxhyqcdsfwnf50q5sm03x89e9sr220xf",
  "addr_test1qpznw64hsq8h8a448psmlnqj8ps4xsvf8r6xh9a2lkxl0mxprmcgc38nvy9hu4k5dcyxhyqcdsfwnf50q5sm03x89e9sr0jd5l",
  "addr_test1qr4hv5gulacdfk3vgazkczfdcxm2zxj6r5dw4kjd922zwwxprmcgc38nvy9hu4k5dcyxhyqcdsfwnf50q5sm03x89e9sa4vs7f",
  "addr_test1qz0tafxrr4m3mpfaqvzcsr5r9h3xg4496l2760y63v430twprmcgc38nvy9hu4k5dcyxhyqcdsfwnf50q5sm03x89e9s7t3fpj",
  "addr_test1qzwsqdf7rylxgylsjwjrz8dkqwaaghrke9nrptmenvfjtfkprmcgc38nvy9hu4k5dcyxhyqcdsfwnf50q5sm03x89e9sjqchhw",
  "addr_test1qqcqg0xheczkysls9gxxc674r4pqnx24wc4y76hwtuw3fd7prmcgc38nvy9hu4k5dcyxhyqcdsfwnf50q5sm03x89e9sn0w4w5",
  "addr_test1qzqz59wn056mxapyxkkc483y4wv9q30ld0j6893zqqd0e8kprmcgc38nvy9hu4k5dcyxhyqcdsfwnf50q5sm03x89e9s2pdg5n",
  "addr_test1qr6hjvd26kd3e83wtm6pcms3vxuwduvp45k2jlyljdx4vrxprmcgc38nvy9hu4k5dcyxhyqcdsfwnf50q5sm03x89e9sjcwgp0",
  "addr_test1qqz33kjxyxslj8zv2zjh2k0gylk4hrcq6gcxsqfgk9vupmwprmcgc38nvy9hu4k5dcyxhyqcdsfwnf50q5sm03x89e9s9s2wwe",
  "addr_test1qrjesfd76w6kmamdmkwe3qfkyfxkadmxqgl9shlk3cgzfskprmcgc38nvy9hu4k5dcyxhyqcdsfwnf50q5sm03x89e9saen29j",
  "addr_test1qq742dhpxf8cjclj3gdypz2ljk4yfeagc5n5hgsl7wl0llkprmcgc38nvy9hu4k5dcyxhyqcdsfwnf50q5sm03x89e9sk7fyx4",
  "addr_test1qrhsmqcdejcru95aw94k2neeqfwmc4mt26cfm2dd2h3lq2kprmcgc38nvy9hu4k5dcyxhyqcdsfwnf50q5sm03x89e9sryncr9",
  "addr_test1qzt3w2q8gufqk5gzwcte9d77vc4gktw76l2y9nnhndsx6g7prmcgc38nvy9hu4k5dcyxhyqcdsfwnf50q5sm03x89e9spjjf2g",
  "addr_test1qzwukyddw2dzjtqjrmlhgp65jlw5unzrtcvssh8vn0y0jskprmcgc38nvy9hu4k5dcyxhyqcdsfwnf50q5sm03x89e9syjukvy",
  "addr_test1qzz63ljsfllxyhx8mwnqdldt8c9kev7vxcpcfrrdsa2p38kprmcgc38nvy9hu4k5dcyxhyqcdsfwnf50q5sm03x89e9sz485nt",
  "addr_test1qqgsldpv8vqktwmsarmlkvfrv2x3zpaf40tvx9hmafpvhq7prmcgc38nvy9hu4k5dcyxhyqcdsfwnf50q5sm03x89e9szsqlu9",
  "addr_test1qpxmphjk3wwalmtswfwysxx2e7tcsjvyjlgr0umnp5kr8ukprmcgc38nvy9hu4k5dcyxhyqcdsfwnf50q5sm03x89e9st5jfne",
  "addr_test1qz4n03xw7cv3xz6dfu6en4y5j022cuanur0tpd5m3nnee4wprmcgc38nvy9hu4k5dcyxhyqcdsfwnf50q5sm03x89e9sxjpxyl",
  "addr_test1qpppr5nqlsawu0wed9gmdlvj9f6u4ptatdckqu2caax7pkwprmcgc38nvy9hu4k5dcyxhyqcdsfwnf50q5sm03x89e9s4aah4t",
  "addr_test1qq0zcg79je62dvwdq52chx6wa6ckc83wxadl8p4l4rjzy3kprmcgc38nvy9hu4k5dcyxhyqcdsfwnf50q5sm03x89e9sgpwlnc",
  "addr_test1qq9vghzazkuthdty4zrqs2pazdmnkqw4v0nlj8zf7d00ps7prmcgc38nvy9hu4k5dcyxhyqcdsfwnf50q5sm03x89e9ssquv66",
  "addr_test1qzxcl47mrkwj9qn3ceumsy8hdsrar7yhfu2se6e8wasc4fwprmcgc38nvy9hu4k5dcyxhyqcdsfwnf50q5sm03x89e9sft2xgv",
  "addr_test1qrcp3xvwydxen5e4s8fzy4qvprqp7awuz9ycyd2g90hy2nkprmcgc38nvy9hu4k5dcyxhyqcdsfwnf50q5sm03x89e9s9ehq6n",
  "addr_test1qqrxwash3njc9yncydvyvgpm3drg8fya5lku8pcxvrxplywprmcgc38nvy9hu4k5dcyxhyqcdsfwnf50q5sm03x89e9s0v4dvd",
  "addr_test1qpmpr99v068vrf822qshe2ftcmc5uzu29c8j25ue0x9yyjwprmcgc38nvy9hu4k5dcyxhyqcdsfwnf50q5sm03x89e9sve97qw",
  "addr_test1qz3x5wpck2rpmvqelfg3fpxf4k8ls6h4kanmjf99yr6xqc7prmcgc38nvy9hu4k5dcyxhyqcdsfwnf50q5sm03x89e9s80e2t8",
  "addr_test1qqvfauzxh04t5l903543kxas3kt6lyjhm75jt7ygtljt0axprmcgc38nvy9hu4k5dcyxhyqcdsfwnf50q5sm03x89e9slghcpt",
  "addr_test1qzp2tcsx388pkznnqzjlwddnwnng93dkhmzun9qzyatjs57prmcgc38nvy9hu4k5dcyxhyqcdsfwnf50q5sm03x89e9szazmq8",
  "addr_test1qq4c5u4yjwav7fzupghy6x3yxtrc9ukeykvzl9nntqdff5xprmcgc38nvy9hu4k5dcyxhyqcdsfwnf50q5sm03x89e9spu2kap",
  "addr_test1qp86w3r272pwu9k5667fk3rq76nt8lcpx46nrdxtyd2kr97prmcgc38nvy9hu4k5dcyxhyqcdsfwnf50q5sm03x89e9scpp3h6",
  "addr_test1qzhy6lheetrgllq9suft9th29j9xwe8c8e326svx9dqp9wwprmcgc38nvy9hu4k5dcyxhyqcdsfwnf50q5sm03x89e9szk8wy8",
  "addr_test1qps7ylecvvwurrljsnym9ydzyg9ew3nxj4a7c52prcwn337prmcgc38nvy9hu4k5dcyxhyqcdsfwnf50q5sm03x89e9sqqktal",
  "addr_test1qqv49cm9m32yn7qvsh52xynx964n8w0twq4hq33gv7vnswwprmcgc38nvy9hu4k5dcyxhyqcdsfwnf50q5sm03x89e9slqf6cx",
  "addr_test1qq0ekzrns6xl99v4drncd3mllvnhg7te3krnjkj5n8d0yywprmcgc38nvy9hu4k5dcyxhyqcdsfwnf50q5sm03x89e9sjg7p85",
  "addr_test1qzmtkhcmxwack4eyr9ak5n5tp9nqlpdurdjy8dvsgu6qyw7prmcgc38nvy9hu4k5dcyxhyqcdsfwnf50q5sm03x89e9snjm500",
  "addr_test1qr8ewyraqfr6eh20tt9a3kftykj66qa8wr39yrnykftkcv7prmcgc38nvy9hu4k5dcyxhyqcdsfwnf50q5sm03x89e9ss0a8yp",
  "addr_test1qp5cjmp5vstn2h039qhclnhn7utv3dp2af5l60wsfr68tuxprmcgc38nvy9hu4k5dcyxhyqcdsfwnf50q5sm03x89e9segu944",
  "addr_test1qpht5pk779yca3qn2fsnull4tp048ph59ekdj2zmmnhnvt7prmcgc38nvy9hu4k5dcyxhyqcdsfwnf50q5sm03x89e9s3czmnk",
  "addr_test1qrllhnp2q4mw6fdrkd39agewph7egrqx9u9nkc8u68y8qvxprmcgc38nvy9hu4k5dcyxhyqcdsfwnf50q5sm03x89e9sfwn2fv",
  "addr_test1qzsgt6xyl0r8nwm9vqnws4lm4zpk72vqza9mh9w0mt3z0e7prmcgc38nvy9hu4k5dcyxhyqcdsfwnf50q5sm03x89e9sln8drp",
  "addr_test1qqf2e7834sh3mgg77hdpgwg4y4avlv2ejv9ujnycvm2whvxprmcgc38nvy9hu4k5dcyxhyqcdsfwnf50q5sm03x89e9slvq47z",
  "addr_test1qzc363aewhytm67pgpt6ltweq32vthz822hvhks43vhyk47prmcgc38nvy9hu4k5dcyxhyqcdsfwnf50q5sm03x89e9srn9vz0",
  "addr_test1qrf34p02gntax6cznwnn45ywlvnvaj382200vsury7u6zqkprmcgc38nvy9hu4k5dcyxhyqcdsfwnf50q5sm03x89e9sv9gms7",
  "addr_test1qzvrxnsxyndu5wm30j3qdpluwhraqyg9wvutjphkn6peyakprmcgc38nvy9hu4k5dcyxhyqcdsfwnf50q5sm03x89e9slt2xz0",
  "addr_test1qr0e66n7dzzqdjyfmwjy9dn9hyttausv7vs8fzyx2nakpgxprmcgc38nvy9hu4k5dcyxhyqcdsfwnf50q5sm03x89e9smevyh3",
  "addr_test1qzrz0tms6erhqhpfp4lsstghmty25mlsvxaklg908wsgpl7prmcgc38nvy9hu4k5dcyxhyqcdsfwnf50q5sm03x89e9s07dvwh",
  "addr_test1qrpw4q7jnd4fqjd9d5fst6ve44j6kpgpdms3wdfp38cl6kxprmcgc38nvy9hu4k5dcyxhyqcdsfwnf50q5sm03x89e9shfhqvj",
  "addr_test1qr8rzw386l44k29ssva2n9a8h9pqmppjyn9wddzcs9x2w6kprmcgc38nvy9hu4k5dcyxhyqcdsfwnf50q5sm03x89e9smvav0z",
]
`;

exports[`CardanoWallet ShelleyWalletPreprod.create 2`] = `
[
  "addr_test1qzddgtdqxmsvn0rqp0ltdfpddudvf76qs3esyn3zqf44drkprmcgc38nvy9hu4k5dcyxhyqcdsfwnf50q5sm03x89e9slwzp5f",
  "addr_test1qqxg9e0wj478cd6ckvgwgxj075q6hxz2aeepgf6uxv8ju0kprmcgc38nvy9hu4k5dcyxhyqcdsfwnf50q5sm03x89e9saja5ge",
  "addr_test1qzkpmv5pzle28wv52v9p0gpsuw90r35wyj903ay99ehpcwkprmcgc38nvy9hu4k5dcyxhyqcdsfwnf50q5sm03x89e9sst50qy",
  "addr_test1qpfzmrqgzs4hwrelsckyc4d7hwe4flns7ctdfe2v3p2m8mkprmcgc38nvy9hu4k5dcyxhyqcdsfwnf50q5sm03x89e9stxql0y",
  "addr_test1qz4jgp3tw82jse44g4pe40c6kf0da4k79y7h59ppw8yayl7prmcgc38nvy9hu4k5dcyxhyqcdsfwnf50q5sm03x89e9sfmqx9e",
  "addr_test1qpkvvf0tphw8vyy9ym6shyrzduuzn9fjn2e2x7dqw64j7twprmcgc38nvy9hu4k5dcyxhyqcdsfwnf50q5sm03x89e9sckr6lz",
  "addr_test1qr7lqme8a9swxma4wtx0uth3ydra5yc2lvz77dkrqkxnelxprmcgc38nvy9hu4k5dcyxhyqcdsfwnf50q5sm03x89e9sxqlqh3",
  "addr_test1qp9pnu98dnjak889hw3eaccz3z6u66m4n6es4l2x0smam0wprmcgc38nvy9hu4k5dcyxhyqcdsfwnf50q5sm03x89e9sp95rnn",
  "addr_test1qrexj6h7339a5atzjw6nhvtdlp8unmte5pw4mq86n5zqxrwprmcgc38nvy9hu4k5dcyxhyqcdsfwnf50q5sm03x89e9s2c7g7w",
  "addr_test1qzhe24p4qarnwa6tplqyr6en5p0dnt8h0ntmytqgs5ct4fkprmcgc38nvy9hu4k5dcyxhyqcdsfwnf50q5sm03x89e9s8qcw22",
  "addr_test1qptz4h9mna4mc8luvd7yfdd9uwctrryhjvklqf9ka6kvxxxprmcgc38nvy9hu4k5dcyxhyqcdsfwnf50q5sm03x89e9s5cpqyt",
  "addr_test1qqz54utwy5j95q7l2pe60m4agw52zptr92frjumsykycu6xprmcgc38nvy9hu4k5dcyxhyqcdsfwnf50q5sm03x89e9s9dw87t",
  "addr_test1qzux603eqzephhynffsfh6ghuxnda979p55jmng6z5gw6hwprmcgc38nvy9hu4k5dcyxhyqcdsfwnf50q5sm03x89e9skkm8h9",
  "addr_test1qqrj2j3ddm99zf08mr85cfcsaw84qn84pgjfmagnjr37tvxprmcgc38nvy9hu4k5dcyxhyqcdsfwnf50q5sm03x89e9s0x2gdf",
  "addr_test1qr2djcr8qye89gavgmdvj0r0d4v4wc4xysegq8vzh0sfg7xprmcgc38nvy9hu4k5dcyxhyqcdsfwnf50q5sm03x89e9sy3djf4",
  "addr_test1qrlg0h0kz6tm3jwtlr2ua5wcmfm5xkr4l786y8ct7xfau37prmcgc38nvy9hu4k5dcyxhyqcdsfwnf50q5sm03x89e9slm0de3",
  "addr_test1qr3y56gq57pjnppz40h4sn49u0qnurcckwfvwv0mdhdht7xprmcgc38nvy9hu4k5dcyxhyqcdsfwnf50q5sm03x89e9sxdpg5j",
  "addr_test1qp7y9qgg2dvsnj6gp27d2fcw5kwuae237wf4w3qr73an48wprmcgc38nvy9hu4k5dcyxhyqcdsfwnf50q5sm03x89e9sf093h5",
  "addr_test1qzx5vxfjy8qswsjapadl84lgzn8kmj52q3kmjh6yy2kpygwprmcgc38nvy9hu4k5dcyxhyqcdsfwnf50q5sm03x89e9sw36agd",
  "addr_test1qp2wmrzhm0rhvp3ly45hy0wlcgru90pl87ml66ydd6y3f37prmcgc38nvy9hu4k5dcyxhyqcdsfwnf50q5sm03x89e9srpzccs",
  "addr_test1qrs590jmfveprz92gcxhznj6x8f6h77h64qucxhq73wtun7prmcgc38nvy9hu4k5dcyxhyqcdsfwnf50q5sm03x89e9s2q9sfw",
  "addr_test1qq3le04j8g00e2py5k6kuzczeepeqpn0tqjeeaptvndzmcxprmcgc38nvy9hu4k5dcyxhyqcdsfwnf50q5sm03x89e9suxwnkg",
  "addr_test1qzjylhr0rrj7cvxr9rkylwx989hl9a6dlcvnha7w9d5y9vxprmcgc38nvy9hu4k5dcyxhyqcdsfwnf50q5sm03x89e9sjw8v0r",
  "addr_test1qzcer5v0smzg3r58amj05sl33j4jlmn3gktcvx2s2wzsz0xprmcgc38nvy9hu4k5dcyxhyqcdsfwnf50q5sm03x89e9s8rg04z",
  "addr_test1qp3tfxasddxprwwhnq5yuh0sd6l0k3gnnjvx54rzt9rw72wprmcgc38nvy9hu4k5dcyxhyqcdsfwnf50q5sm03x89e9sp384f4",
  "addr_test1qr62tlp3umlrugwlc8a3zwev46xfyhqp8x5wn3mw4tmj6wxprmcgc38nvy9hu4k5dcyxhyqcdsfwnf50q5sm03x89e9s0k5gdc",
  "addr_test1qzez55am422zhn2tr0h04azm0wsk4pkw86pcfs9vwc60xx7prmcgc38nvy9hu4k5dcyxhyqcdsfwnf50q5sm03x89e9shx5jcu",
  "addr_test1qrvfpv29m850jj20fd7f3a3te0vrgczvp0zgvvdn4j8pefwprmcgc38nvy9hu4k5dcyxhyqcdsfwnf50q5sm03x89e9s9r9qfd",
  "addr_test1qr9tjkjztmkje6ef9gql75wd9aw9xlswfwscwuc489gjctwprmcgc38nvy9hu4k5dcyxhyqcdsfwnf50q5sm03x89e9slctt3e",
  "addr_test1qzdd95zyjr0esqpe4qxv4k79lrfdeatwpxh0hkvav6gep67prmcgc38nvy9hu4k5dcyxhyqcdsfwnf50q5sm03x89e9s9j6zzs",
  "addr_test1qqaeey6a52hmm6sjenhzjhrddtt9l0ha90gyz7x0gtwj9l7prmcgc38nvy9hu4k5dcyxhyqcdsfwnf50q5sm03x89e9stuykqf",
  "addr_test1qqw2x7xf25dqcuz4atvffvg95twd93zfpfz96r3m0z6ecexprmcgc38nvy9hu4k5dcyxhyqcdsfwnf50q5sm03x89e9s9pr68q",
  "addr_test1qzwlxpc6r783ls0nxv5czjw6yp69w5gwqmljrhtphc63wk7prmcgc38nvy9hu4k5dcyxhyqcdsfwnf50q5sm03x89e9s7ptvdp",
  "addr_test1qr7eqc9jjaukyp08t5pudxn98lntvkpqmfgqcrk3jn8q5akprmcgc38nvy9hu4k5dcyxhyqcdsfwnf50q5sm03x89e9smsyy8g",
  "addr_test1qrw2pdygajte5gpj4nd9ml39a3u0zduqnxakppuvpx4cpewprmcgc38nvy9hu4k5dcyxhyqcdsfwnf50q5sm03x89e9sfw5055",
  "addr_test1qz3pqcgzjnnvz265vdruatx5zgj5d9h46q53zj63lzxskhkprmcgc38nvy9hu4k5dcyxhyqcdsfwnf50q5sm03x89e9s97g2f8",
  "addr_test1qrzn5n25yc326q5t783dhq4vx04m3mp7l3pu07fnu09udskprmcgc38nvy9hu4k5dcyxhyqcdsfwnf50q5sm03x89e9st2wcpl",
  "addr_test1qqqu3wyj8aq5n7h8hdy5yhzmeucnp4a6l2y668xl3z5vm5xprmcgc38nvy9hu4k5dcyxhyqcdsfwnf50q5sm03x89e9shvs507",
  "addr_test1qzhwvnzxy65yd9rztc9hm4wq4mjn8f63umffj7wzpmce3s7prmcgc38nvy9hu4k5dcyxhyqcdsfwnf50q5sm03x89e9sj5mlz6",
  "addr_test1qpm4ua4nswv46cn7m2usqzv86kt30ku5mz3cfvsqfeg6luxprmcgc38nvy9hu4k5dcyxhyqcdsfwnf50q5sm03x89e9scpdr84",
  "addr_test1qpsqz5z6xy2kmcma00ks9w04qspepat5qw0n3ve4y5wxeuwprmcgc38nvy9hu4k5dcyxhyqcdsfwnf50q5sm03x89e9sfmhpw4",
  "addr_test1qpjmtp74vmg73nu3n0jj2r9nwf5pwckk3uhtfwqzqxkpvekprmcgc38nvy9hu4k5dcyxhyqcdsfwnf50q5sm03x89e9sqwd428",
  "addr_test1qzszt0hfp387c3zhwx0yfkzmpqdm84emtdmlv48542kdehwprmcgc38nvy9hu4k5dcyxhyqcdsfwnf50q5sm03x89e9snt7qxx",
  "addr_test1qpw7ny6vwjytzz5yyg0rzv9pde8qwhns66c9jkhxh26v2ywprmcgc38nvy9hu4k5dcyxhyqcdsfwnf50q5sm03x89e9s5jxk7q",
  "addr_test1qrfezaq8fl35j8rcnvk8szu6kwq47cmjmslyvregfuywh97prmcgc38nvy9hu4k5dcyxhyqcdsfwnf50q5sm03x89e9sdj5xpg",
  "addr_test1qqm37v8g7e3m8cl4w86uyck20h9ytsxcqedc3hj33pft6fwprmcgc38nvy9hu4k5dcyxhyqcdsfwnf50q5sm03x89e9s88mvfq",
  "addr_test1qplmjl74935s9xh47cmqyf6ly8yul8rtz9t2cuxc9lc5uewprmcgc38nvy9hu4k5dcyxhyqcdsfwnf50q5sm03x89e9s88403v",
  "addr_test1qzgy0j8t99vf894lpm2hunwh9cszmunzel4qj5zk7snm57kprmcgc38nvy9hu4k5dcyxhyqcdsfwnf50q5sm03x89e9suhekvw",
  "addr_test1qrft85wfghg46u5mnzahp797pza3heu7mdjj8q9rxrd8v67prmcgc38nvy9hu4k5dcyxhyqcdsfwnf50q5sm03x89e9sr7l7qp",
  "addr_test1qr7squraxa3a5v0zyv8wf8g5vwmx5pcxje02fd09gjx42v7prmcgc38nvy9hu4k5dcyxhyqcdsfwnf50q5sm03x89e9sutkfrj",
]
`;

exports[`CardanoWallet ShelleyWalletPreprod.create 3`] = `
[
  "addr_test1qp0qj49u70m8xa9v0f6d2frtvv33v5x4gwckvxllv6regw7prmcgc38nvy9hu4k5dcyxhyqcdsfwnf50q5sm03x89e9s0vcpdd",
  "addr_test1qqwqe88fzjjsm67f545mt49y05y2c73nh70ksnqlz63gadkprmcgc38nvy9hu4k5dcyxhyqcdsfwnf50q5sm03x89e9se2pfdw",
  "addr_test1qz8hn3xs999mlm4j222kd8vffpcst6r6k0g39t8gvqnu6ewprmcgc38nvy9hu4k5dcyxhyqcdsfwnf50q5sm03x89e9sr220xf",
  "addr_test1qpznw64hsq8h8a448psmlnqj8ps4xsvf8r6xh9a2lkxl0mxprmcgc38nvy9hu4k5dcyxhyqcdsfwnf50q5sm03x89e9sr0jd5l",
  "addr_test1qr4hv5gulacdfk3vgazkczfdcxm2zxj6r5dw4kjd922zwwxprmcgc38nvy9hu4k5dcyxhyqcdsfwnf50q5sm03x89e9sa4vs7f",
  "addr_test1qz0tafxrr4m3mpfaqvzcsr5r9h3xg4496l2760y63v430twprmcgc38nvy9hu4k5dcyxhyqcdsfwnf50q5sm03x89e9s7t3fpj",
  "addr_test1qzwsqdf7rylxgylsjwjrz8dkqwaaghrke9nrptmenvfjtfkprmcgc38nvy9hu4k5dcyxhyqcdsfwnf50q5sm03x89e9sjqchhw",
  "addr_test1qqcqg0xheczkysls9gxxc674r4pqnx24wc4y76hwtuw3fd7prmcgc38nvy9hu4k5dcyxhyqcdsfwnf50q5sm03x89e9sn0w4w5",
  "addr_test1qzqz59wn056mxapyxkkc483y4wv9q30ld0j6893zqqd0e8kprmcgc38nvy9hu4k5dcyxhyqcdsfwnf50q5sm03x89e9s2pdg5n",
  "addr_test1qr6hjvd26kd3e83wtm6pcms3vxuwduvp45k2jlyljdx4vrxprmcgc38nvy9hu4k5dcyxhyqcdsfwnf50q5sm03x89e9sjcwgp0",
  "addr_test1qqz33kjxyxslj8zv2zjh2k0gylk4hrcq6gcxsqfgk9vupmwprmcgc38nvy9hu4k5dcyxhyqcdsfwnf50q5sm03x89e9s9s2wwe",
  "addr_test1qrjesfd76w6kmamdmkwe3qfkyfxkadmxqgl9shlk3cgzfskprmcgc38nvy9hu4k5dcyxhyqcdsfwnf50q5sm03x89e9saen29j",
  "addr_test1qq742dhpxf8cjclj3gdypz2ljk4yfeagc5n5hgsl7wl0llkprmcgc38nvy9hu4k5dcyxhyqcdsfwnf50q5sm03x89e9sk7fyx4",
  "addr_test1qrhsmqcdejcru95aw94k2neeqfwmc4mt26cfm2dd2h3lq2kprmcgc38nvy9hu4k5dcyxhyqcdsfwnf50q5sm03x89e9sryncr9",
  "addr_test1qzt3w2q8gufqk5gzwcte9d77vc4gktw76l2y9nnhndsx6g7prmcgc38nvy9hu4k5dcyxhyqcdsfwnf50q5sm03x89e9spjjf2g",
  "addr_test1qzwukyddw2dzjtqjrmlhgp65jlw5unzrtcvssh8vn0y0jskprmcgc38nvy9hu4k5dcyxhyqcdsfwnf50q5sm03x89e9syjukvy",
  "addr_test1qzz63ljsfllxyhx8mwnqdldt8c9kev7vxcpcfrrdsa2p38kprmcgc38nvy9hu4k5dcyxhyqcdsfwnf50q5sm03x89e9sz485nt",
  "addr_test1qqgsldpv8vqktwmsarmlkvfrv2x3zpaf40tvx9hmafpvhq7prmcgc38nvy9hu4k5dcyxhyqcdsfwnf50q5sm03x89e9szsqlu9",
  "addr_test1qpxmphjk3wwalmtswfwysxx2e7tcsjvyjlgr0umnp5kr8ukprmcgc38nvy9hu4k5dcyxhyqcdsfwnf50q5sm03x89e9st5jfne",
  "addr_test1qz4n03xw7cv3xz6dfu6en4y5j022cuanur0tpd5m3nnee4wprmcgc38nvy9hu4k5dcyxhyqcdsfwnf50q5sm03x89e9sxjpxyl",
  "addr_test1qpppr5nqlsawu0wed9gmdlvj9f6u4ptatdckqu2caax7pkwprmcgc38nvy9hu4k5dcyxhyqcdsfwnf50q5sm03x89e9s4aah4t",
  "addr_test1qq0zcg79je62dvwdq52chx6wa6ckc83wxadl8p4l4rjzy3kprmcgc38nvy9hu4k5dcyxhyqcdsfwnf50q5sm03x89e9sgpwlnc",
  "addr_test1qq9vghzazkuthdty4zrqs2pazdmnkqw4v0nlj8zf7d00ps7prmcgc38nvy9hu4k5dcyxhyqcdsfwnf50q5sm03x89e9ssquv66",
  "addr_test1qzxcl47mrkwj9qn3ceumsy8hdsrar7yhfu2se6e8wasc4fwprmcgc38nvy9hu4k5dcyxhyqcdsfwnf50q5sm03x89e9sft2xgv",
  "addr_test1qrcp3xvwydxen5e4s8fzy4qvprqp7awuz9ycyd2g90hy2nkprmcgc38nvy9hu4k5dcyxhyqcdsfwnf50q5sm03x89e9s9ehq6n",
  "addr_test1qqrxwash3njc9yncydvyvgpm3drg8fya5lku8pcxvrxplywprmcgc38nvy9hu4k5dcyxhyqcdsfwnf50q5sm03x89e9s0v4dvd",
  "addr_test1qpmpr99v068vrf822qshe2ftcmc5uzu29c8j25ue0x9yyjwprmcgc38nvy9hu4k5dcyxhyqcdsfwnf50q5sm03x89e9sve97qw",
  "addr_test1qz3x5wpck2rpmvqelfg3fpxf4k8ls6h4kanmjf99yr6xqc7prmcgc38nvy9hu4k5dcyxhyqcdsfwnf50q5sm03x89e9s80e2t8",
  "addr_test1qqvfauzxh04t5l903543kxas3kt6lyjhm75jt7ygtljt0axprmcgc38nvy9hu4k5dcyxhyqcdsfwnf50q5sm03x89e9slghcpt",
  "addr_test1qzp2tcsx388pkznnqzjlwddnwnng93dkhmzun9qzyatjs57prmcgc38nvy9hu4k5dcyxhyqcdsfwnf50q5sm03x89e9szazmq8",
  "addr_test1qq4c5u4yjwav7fzupghy6x3yxtrc9ukeykvzl9nntqdff5xprmcgc38nvy9hu4k5dcyxhyqcdsfwnf50q5sm03x89e9spu2kap",
  "addr_test1qp86w3r272pwu9k5667fk3rq76nt8lcpx46nrdxtyd2kr97prmcgc38nvy9hu4k5dcyxhyqcdsfwnf50q5sm03x89e9scpp3h6",
  "addr_test1qzhy6lheetrgllq9suft9th29j9xwe8c8e326svx9dqp9wwprmcgc38nvy9hu4k5dcyxhyqcdsfwnf50q5sm03x89e9szk8wy8",
  "addr_test1qps7ylecvvwurrljsnym9ydzyg9ew3nxj4a7c52prcwn337prmcgc38nvy9hu4k5dcyxhyqcdsfwnf50q5sm03x89e9sqqktal",
  "addr_test1qqv49cm9m32yn7qvsh52xynx964n8w0twq4hq33gv7vnswwprmcgc38nvy9hu4k5dcyxhyqcdsfwnf50q5sm03x89e9slqf6cx",
  "addr_test1qq0ekzrns6xl99v4drncd3mllvnhg7te3krnjkj5n8d0yywprmcgc38nvy9hu4k5dcyxhyqcdsfwnf50q5sm03x89e9sjg7p85",
  "addr_test1qzmtkhcmxwack4eyr9ak5n5tp9nqlpdurdjy8dvsgu6qyw7prmcgc38nvy9hu4k5dcyxhyqcdsfwnf50q5sm03x89e9snjm500",
  "addr_test1qr8ewyraqfr6eh20tt9a3kftykj66qa8wr39yrnykftkcv7prmcgc38nvy9hu4k5dcyxhyqcdsfwnf50q5sm03x89e9ss0a8yp",
  "addr_test1qp5cjmp5vstn2h039qhclnhn7utv3dp2af5l60wsfr68tuxprmcgc38nvy9hu4k5dcyxhyqcdsfwnf50q5sm03x89e9segu944",
  "addr_test1qpht5pk779yca3qn2fsnull4tp048ph59ekdj2zmmnhnvt7prmcgc38nvy9hu4k5dcyxhyqcdsfwnf50q5sm03x89e9s3czmnk",
  "addr_test1qrllhnp2q4mw6fdrkd39agewph7egrqx9u9nkc8u68y8qvxprmcgc38nvy9hu4k5dcyxhyqcdsfwnf50q5sm03x89e9sfwn2fv",
  "addr_test1qzsgt6xyl0r8nwm9vqnws4lm4zpk72vqza9mh9w0mt3z0e7prmcgc38nvy9hu4k5dcyxhyqcdsfwnf50q5sm03x89e9sln8drp",
  "addr_test1qqf2e7834sh3mgg77hdpgwg4y4avlv2ejv9ujnycvm2whvxprmcgc38nvy9hu4k5dcyxhyqcdsfwnf50q5sm03x89e9slvq47z",
  "addr_test1qzc363aewhytm67pgpt6ltweq32vthz822hvhks43vhyk47prmcgc38nvy9hu4k5dcyxhyqcdsfwnf50q5sm03x89e9srn9vz0",
  "addr_test1qrf34p02gntax6cznwnn45ywlvnvaj382200vsury7u6zqkprmcgc38nvy9hu4k5dcyxhyqcdsfwnf50q5sm03x89e9sv9gms7",
  "addr_test1qzvrxnsxyndu5wm30j3qdpluwhraqyg9wvutjphkn6peyakprmcgc38nvy9hu4k5dcyxhyqcdsfwnf50q5sm03x89e9slt2xz0",
  "addr_test1qr0e66n7dzzqdjyfmwjy9dn9hyttausv7vs8fzyx2nakpgxprmcgc38nvy9hu4k5dcyxhyqcdsfwnf50q5sm03x89e9smevyh3",
  "addr_test1qzrz0tms6erhqhpfp4lsstghmty25mlsvxaklg908wsgpl7prmcgc38nvy9hu4k5dcyxhyqcdsfwnf50q5sm03x89e9s07dvwh",
  "addr_test1qrpw4q7jnd4fqjd9d5fst6ve44j6kpgpdms3wdfp38cl6kxprmcgc38nvy9hu4k5dcyxhyqcdsfwnf50q5sm03x89e9shfhqvj",
  "addr_test1qr8rzw386l44k29ssva2n9a8h9pqmppjyn9wddzcs9x2w6kprmcgc38nvy9hu4k5dcyxhyqcdsfwnf50q5sm03x89e9smvav0z",
]
`;

exports[`CardanoWallet ShelleyWalletPreprod.create 4`] = `
[
  "addr_test1qzddgtdqxmsvn0rqp0ltdfpddudvf76qs3esyn3zqf44drkprmcgc38nvy9hu4k5dcyxhyqcdsfwnf50q5sm03x89e9slwzp5f",
  "addr_test1qqxg9e0wj478cd6ckvgwgxj075q6hxz2aeepgf6uxv8ju0kprmcgc38nvy9hu4k5dcyxhyqcdsfwnf50q5sm03x89e9saja5ge",
  "addr_test1qzkpmv5pzle28wv52v9p0gpsuw90r35wyj903ay99ehpcwkprmcgc38nvy9hu4k5dcyxhyqcdsfwnf50q5sm03x89e9sst50qy",
  "addr_test1qpfzmrqgzs4hwrelsckyc4d7hwe4flns7ctdfe2v3p2m8mkprmcgc38nvy9hu4k5dcyxhyqcdsfwnf50q5sm03x89e9stxql0y",
  "addr_test1qz4jgp3tw82jse44g4pe40c6kf0da4k79y7h59ppw8yayl7prmcgc38nvy9hu4k5dcyxhyqcdsfwnf50q5sm03x89e9sfmqx9e",
  "addr_test1qpkvvf0tphw8vyy9ym6shyrzduuzn9fjn2e2x7dqw64j7twprmcgc38nvy9hu4k5dcyxhyqcdsfwnf50q5sm03x89e9sckr6lz",
  "addr_test1qr7lqme8a9swxma4wtx0uth3ydra5yc2lvz77dkrqkxnelxprmcgc38nvy9hu4k5dcyxhyqcdsfwnf50q5sm03x89e9sxqlqh3",
  "addr_test1qp9pnu98dnjak889hw3eaccz3z6u66m4n6es4l2x0smam0wprmcgc38nvy9hu4k5dcyxhyqcdsfwnf50q5sm03x89e9sp95rnn",
  "addr_test1qrexj6h7339a5atzjw6nhvtdlp8unmte5pw4mq86n5zqxrwprmcgc38nvy9hu4k5dcyxhyqcdsfwnf50q5sm03x89e9s2c7g7w",
  "addr_test1qzhe24p4qarnwa6tplqyr6en5p0dnt8h0ntmytqgs5ct4fkprmcgc38nvy9hu4k5dcyxhyqcdsfwnf50q5sm03x89e9s8qcw22",
  "addr_test1qptz4h9mna4mc8luvd7yfdd9uwctrryhjvklqf9ka6kvxxxprmcgc38nvy9hu4k5dcyxhyqcdsfwnf50q5sm03x89e9s5cpqyt",
  "addr_test1qqz54utwy5j95q7l2pe60m4agw52zptr92frjumsykycu6xprmcgc38nvy9hu4k5dcyxhyqcdsfwnf50q5sm03x89e9s9dw87t",
  "addr_test1qzux603eqzephhynffsfh6ghuxnda979p55jmng6z5gw6hwprmcgc38nvy9hu4k5dcyxhyqcdsfwnf50q5sm03x89e9skkm8h9",
  "addr_test1qqrj2j3ddm99zf08mr85cfcsaw84qn84pgjfmagnjr37tvxprmcgc38nvy9hu4k5dcyxhyqcdsfwnf50q5sm03x89e9s0x2gdf",
  "addr_test1qr2djcr8qye89gavgmdvj0r0d4v4wc4xysegq8vzh0sfg7xprmcgc38nvy9hu4k5dcyxhyqcdsfwnf50q5sm03x89e9sy3djf4",
  "addr_test1qrlg0h0kz6tm3jwtlr2ua5wcmfm5xkr4l786y8ct7xfau37prmcgc38nvy9hu4k5dcyxhyqcdsfwnf50q5sm03x89e9slm0de3",
  "addr_test1qr3y56gq57pjnppz40h4sn49u0qnurcckwfvwv0mdhdht7xprmcgc38nvy9hu4k5dcyxhyqcdsfwnf50q5sm03x89e9sxdpg5j",
  "addr_test1qp7y9qgg2dvsnj6gp27d2fcw5kwuae237wf4w3qr73an48wprmcgc38nvy9hu4k5dcyxhyqcdsfwnf50q5sm03x89e9sf093h5",
  "addr_test1qzx5vxfjy8qswsjapadl84lgzn8kmj52q3kmjh6yy2kpygwprmcgc38nvy9hu4k5dcyxhyqcdsfwnf50q5sm03x89e9sw36agd",
  "addr_test1qp2wmrzhm0rhvp3ly45hy0wlcgru90pl87ml66ydd6y3f37prmcgc38nvy9hu4k5dcyxhyqcdsfwnf50q5sm03x89e9srpzccs",
  "addr_test1qrs590jmfveprz92gcxhznj6x8f6h77h64qucxhq73wtun7prmcgc38nvy9hu4k5dcyxhyqcdsfwnf50q5sm03x89e9s2q9sfw",
  "addr_test1qq3le04j8g00e2py5k6kuzczeepeqpn0tqjeeaptvndzmcxprmcgc38nvy9hu4k5dcyxhyqcdsfwnf50q5sm03x89e9suxwnkg",
  "addr_test1qzjylhr0rrj7cvxr9rkylwx989hl9a6dlcvnha7w9d5y9vxprmcgc38nvy9hu4k5dcyxhyqcdsfwnf50q5sm03x89e9sjw8v0r",
  "addr_test1qzcer5v0smzg3r58amj05sl33j4jlmn3gktcvx2s2wzsz0xprmcgc38nvy9hu4k5dcyxhyqcdsfwnf50q5sm03x89e9s8rg04z",
  "addr_test1qp3tfxasddxprwwhnq5yuh0sd6l0k3gnnjvx54rzt9rw72wprmcgc38nvy9hu4k5dcyxhyqcdsfwnf50q5sm03x89e9sp384f4",
  "addr_test1qr62tlp3umlrugwlc8a3zwev46xfyhqp8x5wn3mw4tmj6wxprmcgc38nvy9hu4k5dcyxhyqcdsfwnf50q5sm03x89e9s0k5gdc",
  "addr_test1qzez55am422zhn2tr0h04azm0wsk4pkw86pcfs9vwc60xx7prmcgc38nvy9hu4k5dcyxhyqcdsfwnf50q5sm03x89e9shx5jcu",
  "addr_test1qrvfpv29m850jj20fd7f3a3te0vrgczvp0zgvvdn4j8pefwprmcgc38nvy9hu4k5dcyxhyqcdsfwnf50q5sm03x89e9s9r9qfd",
  "addr_test1qr9tjkjztmkje6ef9gql75wd9aw9xlswfwscwuc489gjctwprmcgc38nvy9hu4k5dcyxhyqcdsfwnf50q5sm03x89e9slctt3e",
  "addr_test1qzdd95zyjr0esqpe4qxv4k79lrfdeatwpxh0hkvav6gep67prmcgc38nvy9hu4k5dcyxhyqcdsfwnf50q5sm03x89e9s9j6zzs",
  "addr_test1qqaeey6a52hmm6sjenhzjhrddtt9l0ha90gyz7x0gtwj9l7prmcgc38nvy9hu4k5dcyxhyqcdsfwnf50q5sm03x89e9stuykqf",
  "addr_test1qqw2x7xf25dqcuz4atvffvg95twd93zfpfz96r3m0z6ecexprmcgc38nvy9hu4k5dcyxhyqcdsfwnf50q5sm03x89e9s9pr68q",
  "addr_test1qzwlxpc6r783ls0nxv5czjw6yp69w5gwqmljrhtphc63wk7prmcgc38nvy9hu4k5dcyxhyqcdsfwnf50q5sm03x89e9s7ptvdp",
  "addr_test1qr7eqc9jjaukyp08t5pudxn98lntvkpqmfgqcrk3jn8q5akprmcgc38nvy9hu4k5dcyxhyqcdsfwnf50q5sm03x89e9smsyy8g",
  "addr_test1qrw2pdygajte5gpj4nd9ml39a3u0zduqnxakppuvpx4cpewprmcgc38nvy9hu4k5dcyxhyqcdsfwnf50q5sm03x89e9sfw5055",
  "addr_test1qz3pqcgzjnnvz265vdruatx5zgj5d9h46q53zj63lzxskhkprmcgc38nvy9hu4k5dcyxhyqcdsfwnf50q5sm03x89e9s97g2f8",
  "addr_test1qrzn5n25yc326q5t783dhq4vx04m3mp7l3pu07fnu09udskprmcgc38nvy9hu4k5dcyxhyqcdsfwnf50q5sm03x89e9st2wcpl",
  "addr_test1qqqu3wyj8aq5n7h8hdy5yhzmeucnp4a6l2y668xl3z5vm5xprmcgc38nvy9hu4k5dcyxhyqcdsfwnf50q5sm03x89e9shvs507",
  "addr_test1qzhwvnzxy65yd9rztc9hm4wq4mjn8f63umffj7wzpmce3s7prmcgc38nvy9hu4k5dcyxhyqcdsfwnf50q5sm03x89e9sj5mlz6",
  "addr_test1qpm4ua4nswv46cn7m2usqzv86kt30ku5mz3cfvsqfeg6luxprmcgc38nvy9hu4k5dcyxhyqcdsfwnf50q5sm03x89e9scpdr84",
  "addr_test1qpsqz5z6xy2kmcma00ks9w04qspepat5qw0n3ve4y5wxeuwprmcgc38nvy9hu4k5dcyxhyqcdsfwnf50q5sm03x89e9sfmhpw4",
  "addr_test1qpjmtp74vmg73nu3n0jj2r9nwf5pwckk3uhtfwqzqxkpvekprmcgc38nvy9hu4k5dcyxhyqcdsfwnf50q5sm03x89e9sqwd428",
  "addr_test1qzszt0hfp387c3zhwx0yfkzmpqdm84emtdmlv48542kdehwprmcgc38nvy9hu4k5dcyxhyqcdsfwnf50q5sm03x89e9snt7qxx",
  "addr_test1qpw7ny6vwjytzz5yyg0rzv9pde8qwhns66c9jkhxh26v2ywprmcgc38nvy9hu4k5dcyxhyqcdsfwnf50q5sm03x89e9s5jxk7q",
  "addr_test1qrfezaq8fl35j8rcnvk8szu6kwq47cmjmslyvregfuywh97prmcgc38nvy9hu4k5dcyxhyqcdsfwnf50q5sm03x89e9sdj5xpg",
  "addr_test1qqm37v8g7e3m8cl4w86uyck20h9ytsxcqedc3hj33pft6fwprmcgc38nvy9hu4k5dcyxhyqcdsfwnf50q5sm03x89e9s88mvfq",
  "addr_test1qplmjl74935s9xh47cmqyf6ly8yul8rtz9t2cuxc9lc5uewprmcgc38nvy9hu4k5dcyxhyqcdsfwnf50q5sm03x89e9s88403v",
  "addr_test1qzgy0j8t99vf894lpm2hunwh9cszmunzel4qj5zk7snm57kprmcgc38nvy9hu4k5dcyxhyqcdsfwnf50q5sm03x89e9suhekvw",
  "addr_test1qrft85wfghg46u5mnzahp797pza3heu7mdjj8q9rxrd8v67prmcgc38nvy9hu4k5dcyxhyqcdsfwnf50q5sm03x89e9sr7l7qp",
  "addr_test1qr7squraxa3a5v0zyv8wf8g5vwmx5pcxje02fd09gjx42v7prmcgc38nvy9hu4k5dcyxhyqcdsfwnf50q5sm03x89e9sutkfrj",
]
`;

exports[`CardanoWallet build (should load) 1`] = `
[
  "addr_test1qp0qj49u70m8xa9v0f6d2frtvv33v5x4gwckvxllv6regw7prmcgc38nvy9hu4k5dcyxhyqcdsfwnf50q5sm03x89e9s0vcpdd",
  "addr_test1qqwqe88fzjjsm67f545mt49y05y2c73nh70ksnqlz63gadkprmcgc38nvy9hu4k5dcyxhyqcdsfwnf50q5sm03x89e9se2pfdw",
  "addr_test1qz8hn3xs999mlm4j222kd8vffpcst6r6k0g39t8gvqnu6ewprmcgc38nvy9hu4k5dcyxhyqcdsfwnf50q5sm03x89e9sr220xf",
  "addr_test1qpznw64hsq8h8a448psmlnqj8ps4xsvf8r6xh9a2lkxl0mxprmcgc38nvy9hu4k5dcyxhyqcdsfwnf50q5sm03x89e9sr0jd5l",
  "addr_test1qr4hv5gulacdfk3vgazkczfdcxm2zxj6r5dw4kjd922zwwxprmcgc38nvy9hu4k5dcyxhyqcdsfwnf50q5sm03x89e9sa4vs7f",
  "addr_test1qz0tafxrr4m3mpfaqvzcsr5r9h3xg4496l2760y63v430twprmcgc38nvy9hu4k5dcyxhyqcdsfwnf50q5sm03x89e9s7t3fpj",
  "addr_test1qzwsqdf7rylxgylsjwjrz8dkqwaaghrke9nrptmenvfjtfkprmcgc38nvy9hu4k5dcyxhyqcdsfwnf50q5sm03x89e9sjqchhw",
  "addr_test1qqcqg0xheczkysls9gxxc674r4pqnx24wc4y76hwtuw3fd7prmcgc38nvy9hu4k5dcyxhyqcdsfwnf50q5sm03x89e9sn0w4w5",
  "addr_test1qzqz59wn056mxapyxkkc483y4wv9q30ld0j6893zqqd0e8kprmcgc38nvy9hu4k5dcyxhyqcdsfwnf50q5sm03x89e9s2pdg5n",
  "addr_test1qr6hjvd26kd3e83wtm6pcms3vxuwduvp45k2jlyljdx4vrxprmcgc38nvy9hu4k5dcyxhyqcdsfwnf50q5sm03x89e9sjcwgp0",
  "addr_test1qqz33kjxyxslj8zv2zjh2k0gylk4hrcq6gcxsqfgk9vupmwprmcgc38nvy9hu4k5dcyxhyqcdsfwnf50q5sm03x89e9s9s2wwe",
  "addr_test1qrjesfd76w6kmamdmkwe3qfkyfxkadmxqgl9shlk3cgzfskprmcgc38nvy9hu4k5dcyxhyqcdsfwnf50q5sm03x89e9saen29j",
  "addr_test1qq742dhpxf8cjclj3gdypz2ljk4yfeagc5n5hgsl7wl0llkprmcgc38nvy9hu4k5dcyxhyqcdsfwnf50q5sm03x89e9sk7fyx4",
  "addr_test1qrhsmqcdejcru95aw94k2neeqfwmc4mt26cfm2dd2h3lq2kprmcgc38nvy9hu4k5dcyxhyqcdsfwnf50q5sm03x89e9sryncr9",
  "addr_test1qzt3w2q8gufqk5gzwcte9d77vc4gktw76l2y9nnhndsx6g7prmcgc38nvy9hu4k5dcyxhyqcdsfwnf50q5sm03x89e9spjjf2g",
  "addr_test1qzwukyddw2dzjtqjrmlhgp65jlw5unzrtcvssh8vn0y0jskprmcgc38nvy9hu4k5dcyxhyqcdsfwnf50q5sm03x89e9syjukvy",
  "addr_test1qzz63ljsfllxyhx8mwnqdldt8c9kev7vxcpcfrrdsa2p38kprmcgc38nvy9hu4k5dcyxhyqcdsfwnf50q5sm03x89e9sz485nt",
  "addr_test1qqgsldpv8vqktwmsarmlkvfrv2x3zpaf40tvx9hmafpvhq7prmcgc38nvy9hu4k5dcyxhyqcdsfwnf50q5sm03x89e9szsqlu9",
  "addr_test1qpxmphjk3wwalmtswfwysxx2e7tcsjvyjlgr0umnp5kr8ukprmcgc38nvy9hu4k5dcyxhyqcdsfwnf50q5sm03x89e9st5jfne",
  "addr_test1qz4n03xw7cv3xz6dfu6en4y5j022cuanur0tpd5m3nnee4wprmcgc38nvy9hu4k5dcyxhyqcdsfwnf50q5sm03x89e9sxjpxyl",
  "addr_test1qpppr5nqlsawu0wed9gmdlvj9f6u4ptatdckqu2caax7pkwprmcgc38nvy9hu4k5dcyxhyqcdsfwnf50q5sm03x89e9s4aah4t",
  "addr_test1qq0zcg79je62dvwdq52chx6wa6ckc83wxadl8p4l4rjzy3kprmcgc38nvy9hu4k5dcyxhyqcdsfwnf50q5sm03x89e9sgpwlnc",
  "addr_test1qq9vghzazkuthdty4zrqs2pazdmnkqw4v0nlj8zf7d00ps7prmcgc38nvy9hu4k5dcyxhyqcdsfwnf50q5sm03x89e9ssquv66",
  "addr_test1qzxcl47mrkwj9qn3ceumsy8hdsrar7yhfu2se6e8wasc4fwprmcgc38nvy9hu4k5dcyxhyqcdsfwnf50q5sm03x89e9sft2xgv",
  "addr_test1qrcp3xvwydxen5e4s8fzy4qvprqp7awuz9ycyd2g90hy2nkprmcgc38nvy9hu4k5dcyxhyqcdsfwnf50q5sm03x89e9s9ehq6n",
  "addr_test1qqrxwash3njc9yncydvyvgpm3drg8fya5lku8pcxvrxplywprmcgc38nvy9hu4k5dcyxhyqcdsfwnf50q5sm03x89e9s0v4dvd",
  "addr_test1qpmpr99v068vrf822qshe2ftcmc5uzu29c8j25ue0x9yyjwprmcgc38nvy9hu4k5dcyxhyqcdsfwnf50q5sm03x89e9sve97qw",
  "addr_test1qz3x5wpck2rpmvqelfg3fpxf4k8ls6h4kanmjf99yr6xqc7prmcgc38nvy9hu4k5dcyxhyqcdsfwnf50q5sm03x89e9s80e2t8",
  "addr_test1qqvfauzxh04t5l903543kxas3kt6lyjhm75jt7ygtljt0axprmcgc38nvy9hu4k5dcyxhyqcdsfwnf50q5sm03x89e9slghcpt",
  "addr_test1qzp2tcsx388pkznnqzjlwddnwnng93dkhmzun9qzyatjs57prmcgc38nvy9hu4k5dcyxhyqcdsfwnf50q5sm03x89e9szazmq8",
  "addr_test1qq4c5u4yjwav7fzupghy6x3yxtrc9ukeykvzl9nntqdff5xprmcgc38nvy9hu4k5dcyxhyqcdsfwnf50q5sm03x89e9spu2kap",
  "addr_test1qp86w3r272pwu9k5667fk3rq76nt8lcpx46nrdxtyd2kr97prmcgc38nvy9hu4k5dcyxhyqcdsfwnf50q5sm03x89e9scpp3h6",
  "addr_test1qzhy6lheetrgllq9suft9th29j9xwe8c8e326svx9dqp9wwprmcgc38nvy9hu4k5dcyxhyqcdsfwnf50q5sm03x89e9szk8wy8",
  "addr_test1qps7ylecvvwurrljsnym9ydzyg9ew3nxj4a7c52prcwn337prmcgc38nvy9hu4k5dcyxhyqcdsfwnf50q5sm03x89e9sqqktal",
  "addr_test1qqv49cm9m32yn7qvsh52xynx964n8w0twq4hq33gv7vnswwprmcgc38nvy9hu4k5dcyxhyqcdsfwnf50q5sm03x89e9slqf6cx",
  "addr_test1qq0ekzrns6xl99v4drncd3mllvnhg7te3krnjkj5n8d0yywprmcgc38nvy9hu4k5dcyxhyqcdsfwnf50q5sm03x89e9sjg7p85",
  "addr_test1qzmtkhcmxwack4eyr9ak5n5tp9nqlpdurdjy8dvsgu6qyw7prmcgc38nvy9hu4k5dcyxhyqcdsfwnf50q5sm03x89e9snjm500",
  "addr_test1qr8ewyraqfr6eh20tt9a3kftykj66qa8wr39yrnykftkcv7prmcgc38nvy9hu4k5dcyxhyqcdsfwnf50q5sm03x89e9ss0a8yp",
  "addr_test1qp5cjmp5vstn2h039qhclnhn7utv3dp2af5l60wsfr68tuxprmcgc38nvy9hu4k5dcyxhyqcdsfwnf50q5sm03x89e9segu944",
  "addr_test1qpht5pk779yca3qn2fsnull4tp048ph59ekdj2zmmnhnvt7prmcgc38nvy9hu4k5dcyxhyqcdsfwnf50q5sm03x89e9s3czmnk",
  "addr_test1qrllhnp2q4mw6fdrkd39agewph7egrqx9u9nkc8u68y8qvxprmcgc38nvy9hu4k5dcyxhyqcdsfwnf50q5sm03x89e9sfwn2fv",
  "addr_test1qzsgt6xyl0r8nwm9vqnws4lm4zpk72vqza9mh9w0mt3z0e7prmcgc38nvy9hu4k5dcyxhyqcdsfwnf50q5sm03x89e9sln8drp",
  "addr_test1qqf2e7834sh3mgg77hdpgwg4y4avlv2ejv9ujnycvm2whvxprmcgc38nvy9hu4k5dcyxhyqcdsfwnf50q5sm03x89e9slvq47z",
  "addr_test1qzc363aewhytm67pgpt6ltweq32vthz822hvhks43vhyk47prmcgc38nvy9hu4k5dcyxhyqcdsfwnf50q5sm03x89e9srn9vz0",
  "addr_test1qrf34p02gntax6cznwnn45ywlvnvaj382200vsury7u6zqkprmcgc38nvy9hu4k5dcyxhyqcdsfwnf50q5sm03x89e9sv9gms7",
  "addr_test1qzvrxnsxyndu5wm30j3qdpluwhraqyg9wvutjphkn6peyakprmcgc38nvy9hu4k5dcyxhyqcdsfwnf50q5sm03x89e9slt2xz0",
  "addr_test1qr0e66n7dzzqdjyfmwjy9dn9hyttausv7vs8fzyx2nakpgxprmcgc38nvy9hu4k5dcyxhyqcdsfwnf50q5sm03x89e9smevyh3",
  "addr_test1qzrz0tms6erhqhpfp4lsstghmty25mlsvxaklg908wsgpl7prmcgc38nvy9hu4k5dcyxhyqcdsfwnf50q5sm03x89e9s07dvwh",
  "addr_test1qrpw4q7jnd4fqjd9d5fst6ve44j6kpgpdms3wdfp38cl6kxprmcgc38nvy9hu4k5dcyxhyqcdsfwnf50q5sm03x89e9shfhqvj",
  "addr_test1qr8rzw386l44k29ssva2n9a8h9pqmppjyn9wddzcs9x2w6kprmcgc38nvy9hu4k5dcyxhyqcdsfwnf50q5sm03x89e9smvav0z",
]
`;

exports[`CardanoWallet build (should load) 2`] = `
[
  "addr_test1qzddgtdqxmsvn0rqp0ltdfpddudvf76qs3esyn3zqf44drkprmcgc38nvy9hu4k5dcyxhyqcdsfwnf50q5sm03x89e9slwzp5f",
  "addr_test1qqxg9e0wj478cd6ckvgwgxj075q6hxz2aeepgf6uxv8ju0kprmcgc38nvy9hu4k5dcyxhyqcdsfwnf50q5sm03x89e9saja5ge",
  "addr_test1qzkpmv5pzle28wv52v9p0gpsuw90r35wyj903ay99ehpcwkprmcgc38nvy9hu4k5dcyxhyqcdsfwnf50q5sm03x89e9sst50qy",
  "addr_test1qpfzmrqgzs4hwrelsckyc4d7hwe4flns7ctdfe2v3p2m8mkprmcgc38nvy9hu4k5dcyxhyqcdsfwnf50q5sm03x89e9stxql0y",
  "addr_test1qz4jgp3tw82jse44g4pe40c6kf0da4k79y7h59ppw8yayl7prmcgc38nvy9hu4k5dcyxhyqcdsfwnf50q5sm03x89e9sfmqx9e",
  "addr_test1qpkvvf0tphw8vyy9ym6shyrzduuzn9fjn2e2x7dqw64j7twprmcgc38nvy9hu4k5dcyxhyqcdsfwnf50q5sm03x89e9sckr6lz",
  "addr_test1qr7lqme8a9swxma4wtx0uth3ydra5yc2lvz77dkrqkxnelxprmcgc38nvy9hu4k5dcyxhyqcdsfwnf50q5sm03x89e9sxqlqh3",
  "addr_test1qp9pnu98dnjak889hw3eaccz3z6u66m4n6es4l2x0smam0wprmcgc38nvy9hu4k5dcyxhyqcdsfwnf50q5sm03x89e9sp95rnn",
  "addr_test1qrexj6h7339a5atzjw6nhvtdlp8unmte5pw4mq86n5zqxrwprmcgc38nvy9hu4k5dcyxhyqcdsfwnf50q5sm03x89e9s2c7g7w",
  "addr_test1qzhe24p4qarnwa6tplqyr6en5p0dnt8h0ntmytqgs5ct4fkprmcgc38nvy9hu4k5dcyxhyqcdsfwnf50q5sm03x89e9s8qcw22",
  "addr_test1qptz4h9mna4mc8luvd7yfdd9uwctrryhjvklqf9ka6kvxxxprmcgc38nvy9hu4k5dcyxhyqcdsfwnf50q5sm03x89e9s5cpqyt",
  "addr_test1qqz54utwy5j95q7l2pe60m4agw52zptr92frjumsykycu6xprmcgc38nvy9hu4k5dcyxhyqcdsfwnf50q5sm03x89e9s9dw87t",
  "addr_test1qzux603eqzephhynffsfh6ghuxnda979p55jmng6z5gw6hwprmcgc38nvy9hu4k5dcyxhyqcdsfwnf50q5sm03x89e9skkm8h9",
  "addr_test1qqrj2j3ddm99zf08mr85cfcsaw84qn84pgjfmagnjr37tvxprmcgc38nvy9hu4k5dcyxhyqcdsfwnf50q5sm03x89e9s0x2gdf",
  "addr_test1qr2djcr8qye89gavgmdvj0r0d4v4wc4xysegq8vzh0sfg7xprmcgc38nvy9hu4k5dcyxhyqcdsfwnf50q5sm03x89e9sy3djf4",
  "addr_test1qrlg0h0kz6tm3jwtlr2ua5wcmfm5xkr4l786y8ct7xfau37prmcgc38nvy9hu4k5dcyxhyqcdsfwnf50q5sm03x89e9slm0de3",
  "addr_test1qr3y56gq57pjnppz40h4sn49u0qnurcckwfvwv0mdhdht7xprmcgc38nvy9hu4k5dcyxhyqcdsfwnf50q5sm03x89e9sxdpg5j",
  "addr_test1qp7y9qgg2dvsnj6gp27d2fcw5kwuae237wf4w3qr73an48wprmcgc38nvy9hu4k5dcyxhyqcdsfwnf50q5sm03x89e9sf093h5",
  "addr_test1qzx5vxfjy8qswsjapadl84lgzn8kmj52q3kmjh6yy2kpygwprmcgc38nvy9hu4k5dcyxhyqcdsfwnf50q5sm03x89e9sw36agd",
  "addr_test1qp2wmrzhm0rhvp3ly45hy0wlcgru90pl87ml66ydd6y3f37prmcgc38nvy9hu4k5dcyxhyqcdsfwnf50q5sm03x89e9srpzccs",
  "addr_test1qrs590jmfveprz92gcxhznj6x8f6h77h64qucxhq73wtun7prmcgc38nvy9hu4k5dcyxhyqcdsfwnf50q5sm03x89e9s2q9sfw",
  "addr_test1qq3le04j8g00e2py5k6kuzczeepeqpn0tqjeeaptvndzmcxprmcgc38nvy9hu4k5dcyxhyqcdsfwnf50q5sm03x89e9suxwnkg",
  "addr_test1qzjylhr0rrj7cvxr9rkylwx989hl9a6dlcvnha7w9d5y9vxprmcgc38nvy9hu4k5dcyxhyqcdsfwnf50q5sm03x89e9sjw8v0r",
  "addr_test1qzcer5v0smzg3r58amj05sl33j4jlmn3gktcvx2s2wzsz0xprmcgc38nvy9hu4k5dcyxhyqcdsfwnf50q5sm03x89e9s8rg04z",
  "addr_test1qp3tfxasddxprwwhnq5yuh0sd6l0k3gnnjvx54rzt9rw72wprmcgc38nvy9hu4k5dcyxhyqcdsfwnf50q5sm03x89e9sp384f4",
  "addr_test1qr62tlp3umlrugwlc8a3zwev46xfyhqp8x5wn3mw4tmj6wxprmcgc38nvy9hu4k5dcyxhyqcdsfwnf50q5sm03x89e9s0k5gdc",
  "addr_test1qzez55am422zhn2tr0h04azm0wsk4pkw86pcfs9vwc60xx7prmcgc38nvy9hu4k5dcyxhyqcdsfwnf50q5sm03x89e9shx5jcu",
  "addr_test1qrvfpv29m850jj20fd7f3a3te0vrgczvp0zgvvdn4j8pefwprmcgc38nvy9hu4k5dcyxhyqcdsfwnf50q5sm03x89e9s9r9qfd",
  "addr_test1qr9tjkjztmkje6ef9gql75wd9aw9xlswfwscwuc489gjctwprmcgc38nvy9hu4k5dcyxhyqcdsfwnf50q5sm03x89e9slctt3e",
  "addr_test1qzdd95zyjr0esqpe4qxv4k79lrfdeatwpxh0hkvav6gep67prmcgc38nvy9hu4k5dcyxhyqcdsfwnf50q5sm03x89e9s9j6zzs",
  "addr_test1qqaeey6a52hmm6sjenhzjhrddtt9l0ha90gyz7x0gtwj9l7prmcgc38nvy9hu4k5dcyxhyqcdsfwnf50q5sm03x89e9stuykqf",
  "addr_test1qqw2x7xf25dqcuz4atvffvg95twd93zfpfz96r3m0z6ecexprmcgc38nvy9hu4k5dcyxhyqcdsfwnf50q5sm03x89e9s9pr68q",
  "addr_test1qzwlxpc6r783ls0nxv5czjw6yp69w5gwqmljrhtphc63wk7prmcgc38nvy9hu4k5dcyxhyqcdsfwnf50q5sm03x89e9s7ptvdp",
  "addr_test1qr7eqc9jjaukyp08t5pudxn98lntvkpqmfgqcrk3jn8q5akprmcgc38nvy9hu4k5dcyxhyqcdsfwnf50q5sm03x89e9smsyy8g",
  "addr_test1qrw2pdygajte5gpj4nd9ml39a3u0zduqnxakppuvpx4cpewprmcgc38nvy9hu4k5dcyxhyqcdsfwnf50q5sm03x89e9sfw5055",
  "addr_test1qz3pqcgzjnnvz265vdruatx5zgj5d9h46q53zj63lzxskhkprmcgc38nvy9hu4k5dcyxhyqcdsfwnf50q5sm03x89e9s97g2f8",
  "addr_test1qrzn5n25yc326q5t783dhq4vx04m3mp7l3pu07fnu09udskprmcgc38nvy9hu4k5dcyxhyqcdsfwnf50q5sm03x89e9st2wcpl",
  "addr_test1qqqu3wyj8aq5n7h8hdy5yhzmeucnp4a6l2y668xl3z5vm5xprmcgc38nvy9hu4k5dcyxhyqcdsfwnf50q5sm03x89e9shvs507",
  "addr_test1qzhwvnzxy65yd9rztc9hm4wq4mjn8f63umffj7wzpmce3s7prmcgc38nvy9hu4k5dcyxhyqcdsfwnf50q5sm03x89e9sj5mlz6",
  "addr_test1qpm4ua4nswv46cn7m2usqzv86kt30ku5mz3cfvsqfeg6luxprmcgc38nvy9hu4k5dcyxhyqcdsfwnf50q5sm03x89e9scpdr84",
  "addr_test1qpsqz5z6xy2kmcma00ks9w04qspepat5qw0n3ve4y5wxeuwprmcgc38nvy9hu4k5dcyxhyqcdsfwnf50q5sm03x89e9sfmhpw4",
  "addr_test1qpjmtp74vmg73nu3n0jj2r9nwf5pwckk3uhtfwqzqxkpvekprmcgc38nvy9hu4k5dcyxhyqcdsfwnf50q5sm03x89e9sqwd428",
  "addr_test1qzszt0hfp387c3zhwx0yfkzmpqdm84emtdmlv48542kdehwprmcgc38nvy9hu4k5dcyxhyqcdsfwnf50q5sm03x89e9snt7qxx",
  "addr_test1qpw7ny6vwjytzz5yyg0rzv9pde8qwhns66c9jkhxh26v2ywprmcgc38nvy9hu4k5dcyxhyqcdsfwnf50q5sm03x89e9s5jxk7q",
  "addr_test1qrfezaq8fl35j8rcnvk8szu6kwq47cmjmslyvregfuywh97prmcgc38nvy9hu4k5dcyxhyqcdsfwnf50q5sm03x89e9sdj5xpg",
  "addr_test1qqm37v8g7e3m8cl4w86uyck20h9ytsxcqedc3hj33pft6fwprmcgc38nvy9hu4k5dcyxhyqcdsfwnf50q5sm03x89e9s88mvfq",
  "addr_test1qplmjl74935s9xh47cmqyf6ly8yul8rtz9t2cuxc9lc5uewprmcgc38nvy9hu4k5dcyxhyqcdsfwnf50q5sm03x89e9s88403v",
  "addr_test1qzgy0j8t99vf894lpm2hunwh9cszmunzel4qj5zk7snm57kprmcgc38nvy9hu4k5dcyxhyqcdsfwnf50q5sm03x89e9suhekvw",
  "addr_test1qrft85wfghg46u5mnzahp797pza3heu7mdjj8q9rxrd8v67prmcgc38nvy9hu4k5dcyxhyqcdsfwnf50q5sm03x89e9sr7l7qp",
  "addr_test1qr7squraxa3a5v0zyv8wf8g5vwmx5pcxje02fd09gjx42v7prmcgc38nvy9hu4k5dcyxhyqcdsfwnf50q5sm03x89e9sutkfrj",
]
`;
